00220020
00851820
00e83020
014b4820
01ae6020
02117820
02749020
02d7a820
033ac020
039dd820
23fe0042