00061DC0
00032C02
01C51804
00002812
38A3001F
0088001B