02328020
2268FFF4
2650002A
00EDB826
000A4680
00003812
012A4023
2B7AFFFF
0379D02B
00004021
00BF8024
31390033
3C061234
2A080010
2FBC0100
37FF0001
38E6ABCD
000B57C2
000D6003
03CF7004
0299C006
02F6A807
00000010
00200011
00001812
00400013
00850018
00A60019 
00C7001A
00C7001B
012A4022
018D5823
01F07025
02538826
02B6A027
0319B82A
037CD02B